// Jest Snapshot v1, https://goo.gl/fbAQLP

exports[`ChildrenInfo Component should render correctly in  mode 1`] = `
<div
  className="paddingBottom container"
>
  <div
    className="marginInfo row"
  >
    <div
      className="col-md-6"
    >
      <input
        className="form-control"
        name="firstName"
        onChange={[Function]}
        placeholder="First Name"
        type="text"
      />
    </div>
    <div
      className="col-md-6"
    >
      <input
        className="form-control"
        name="lastName"
        onChange={[Function]}
        placeholder="Last Name"
        type="text"
      />
    </div>
  </div>
  <div
    className="marginInfo row"
  >
    <div
      className="col-md-6"
    >
      <div
        className="btn-group"
        role="group"
      >
        <button
          aria-label={null}
          className="btn btn-outline-primary"
          name="gender"
          onClick={[Function]}
          type="button"
          value="male"
        >
          Male
        </button>
        <button
          aria-label={null}
          className="btn btn-outline-primary"
          name="gender"
          onClick={[Function]}
          type="button"
          value="female"
        >
          Female
        </button>
      </div>
    </div>
    <div
      className="col-md-6"
    >
      <input
        className="form-control"
        name="age"
        onChange={[Function]}
        placeholder="Age"
        type="text"
      />
    </div>
  </div>
</div>
`;
