// Jest Snapshot v1, https://goo.gl/fbAQLP

exports[`FlightInfo Component should render correctly in  mode 1`] = `
<div
  className="jumbotron jumbotron-fluid"
>
  <div
    className="container-fluid"
  >
    <div
      className="lead row"
    >
      <div
        className="col"
      >
        <label
          className=""
        >
          Flight Details 
        </label>
      </div>
      <div
        className="col"
      >
        <label
          className=""
        >
          Departure Details
        </label>
      </div>
      <div
        className="col"
      >
        <label
          className=""
        >
          Arrival Details
        </label>
      </div>
      <div
        className="col"
      >
        <label
          className=""
        >
          Duration
        </label>
      </div>
      <div
        className="col"
      >
        <label
          className=""
        >
          Price
        </label>
      </div>
    </div>
    <div
      className="small lead row"
    >
      <div
        className="col"
      >
        <div>
          Indigo
        </div>
        <div>
          IN-220
        </div>
      </div>
      <div
        className="col"
      >
        <div>
          12:35
        </div>
        <div>
          BLR
        </div>
        <div>
          Bangalore
        </div>
      </div>
      <div
        className="col"
      >
        <div>
          14:35
        </div>
        <div>
          LKO
        </div>
        <div>
          Lucknow
        </div>
      </div>
      <div
        className="col"
      >
        <div>
          4:00
           Hrs
        </div>
      </div>
      <div
        className="col"
      >
        <div>
          $ 
          1240,20
        </div>
      </div>
    </div>
  </div>
</div>
`;
