// Jest Snapshot v1, https://goo.gl/fbAQLP

exports[`FlightListTable Component should render correctly in  mode 1`] = `
<div>
  <div
    className="ReactTable -striped -highlight transitTable"
    style={Object {}}
  >
    <div
      className="rt-table"
      role="grid"
    >
      <div
        className="rt-thead -header"
        style={
          Object {
            "minWidth": "600px",
          }
        }
      >
        <div
          className="rt-tr"
          role="row"
        >
          <div
            className="rt-th rt-resizable-header -cursor-pointer"
            onClick={[Function]}
            role="columnheader"
            style={
              Object {
                "flex": "100 0 auto",
                "maxWidth": null,
                "width": "100px",
              }
            }
            tabIndex="-1"
          >
            <div
              className="rt-resizable-header-content"
            >
              Flight
            </div>
            <div
              className="rt-resizer"
              onMouseDown={[Function]}
              onTouchStart={[Function]}
            />
          </div>
          <div
            className="rt-th rt-resizable-header -cursor-pointer"
            onClick={[Function]}
            role="columnheader"
            style={
              Object {
                "flex": "100 0 auto",
                "maxWidth": null,
                "width": "100px",
              }
            }
            tabIndex="-1"
          >
            <div
              className="rt-resizable-header-content"
            >
              Departure
            </div>
            <div
              className="rt-resizer"
              onMouseDown={[Function]}
              onTouchStart={[Function]}
            />
          </div>
          <div
            className="rt-th rt-resizable-header -cursor-pointer"
            onClick={[Function]}
            role="columnheader"
            style={
              Object {
                "flex": "100 0 auto",
                "maxWidth": null,
                "width": "100px",
              }
            }
            tabIndex="-1"
          >
            <div
              className="rt-resizable-header-content"
            >
              Arrival
            </div>
            <div
              className="rt-resizer"
              onMouseDown={[Function]}
              onTouchStart={[Function]}
            />
          </div>
          <div
            className="rt-th rt-resizable-header -cursor-pointer"
            onClick={[Function]}
            role="columnheader"
            style={
              Object {
                "flex": "100 0 auto",
                "maxWidth": null,
                "width": "100px",
              }
            }
            tabIndex="-1"
          >
            <div
              className="rt-resizable-header-content"
            >
              Duration
            </div>
            <div
              className="rt-resizer"
              onMouseDown={[Function]}
              onTouchStart={[Function]}
            />
          </div>
          <div
            className="rt-th rt-resizable-header -cursor-pointer"
            onClick={[Function]}
            role="columnheader"
            style={
              Object {
                "flex": "100 0 auto",
                "maxWidth": null,
                "width": "100px",
              }
            }
            tabIndex="-1"
          >
            <div
              className="rt-resizable-header-content"
            >
              Price
            </div>
            <div
              className="rt-resizer"
              onMouseDown={[Function]}
              onTouchStart={[Function]}
            />
          </div>
          <div
            className="rt-th rt-resizable-header -cursor-pointer"
            onClick={[Function]}
            role="columnheader"
            style={
              Object {
                "flex": "100 0 auto",
                "maxWidth": null,
                "width": "100px",
              }
            }
            tabIndex="-1"
          >
            <div
              className="rt-resizable-header-content"
            >
              
            </div>
            <div
              className="rt-resizer"
              onMouseDown={[Function]}
              onTouchStart={[Function]}
            />
          </div>
        </div>
      </div>
      <div
        className="rt-tbody"
        style={
          Object {
            "minWidth": "600px",
          }
        }
      >
        <div
          className="rt-tr-group"
          role="rowgroup"
        >
          <div
            className="rt-tr -odd"
            role="row"
          >
            <div
              className="rt-td"
              onClick={[Function]}
              role="gridcell"
              style={
                Object {
                  "flex": "100 0 auto",
                  "maxWidth": null,
                  "width": "100px",
                }
              }
            >
              <div
                className="align-center"
              >
                <div>
                  Go Air
                </div>
                <div>
                  G8-428
                </div>
              </div>
            </div>
            <div
              className="rt-td"
              onClick={[Function]}
              role="gridcell"
              style={
                Object {
                  "flex": "100 0 auto",
                  "maxWidth": null,
                  "width": "100px",
                }
              }
            >
              <div
                className="align-center"
              >
                <div>
                  05:35
                </div>
                <div>
                  New Delhi
                </div>
              </div>
            </div>
            <div
              className="rt-td"
              onClick={[Function]}
              role="gridcell"
              style={
                Object {
                  "flex": "100 0 auto",
                  "maxWidth": null,
                  "width": "100px",
                }
              }
            >
              <div
                className="align-center"
              >
                <div>
                  08:35
                </div>
                <div>
                  Bangalore
                </div>
              </div>
            </div>
            <div
              className="rt-td"
              onClick={[Function]}
              role="gridcell"
              style={
                Object {
                  "flex": "100 0 auto",
                  "maxWidth": null,
                  "width": "100px",
                }
              }
            >
              <div
                className="align-center"
              >
                2:30
              </div>
            </div>
            <div
              className="rt-td"
              onClick={[Function]}
              role="gridcell"
              style={
                Object {
                  "flex": "100 0 auto",
                  "maxWidth": null,
                  "width": "100px",
                }
              }
            >
              <div
                className="align-center"
              >
                10,320
              </div>
            </div>
            <div
              className="rt-td"
              onClick={[Function]}
              role="gridcell"
              style={
                Object {
                  "flex": "100 0 auto",
                  "maxWidth": null,
                  "width": "100px",
                }
              }
            >
              <button
                aria-label={null}
                className="btn btn-secondary"
                onClick={[Function]}
                type="button"
              >
                Book
              </button>
            </div>
          </div>
        </div>
      </div>
    </div>
    <div
      className="pagination-bottom"
    >
      <div
        className="-pagination"
      >
        <div
          className="-previous"
        >
          <button
            className="-btn"
            disabled={true}
            onClick={[Function]}
            type="button"
          >
            Previous
          </button>
        </div>
        <div
          className="-center"
        >
          <span
            className="-pageInfo"
          >
            Page
             
            <div
              className="-pageJump"
            >
              <input
                aria-label="jump to page"
                onBlur={[Function]}
                onChange={[Function]}
                onKeyPress={[Function]}
                type="number"
                value={1}
              />
            </div>
             
            of
             
            <span
              className="-totalPages"
            >
              1
            </span>
          </span>
          <span
            className="select-wrap -pageSizeOptions"
          >
            <select
              aria-label="rows per page"
              onChange={[Function]}
              value={1}
            >
              <option
                value={5}
              >
                5 rows
              </option>
              <option
                value={10}
              >
                10 rows
              </option>
              <option
                value={20}
              >
                20 rows
              </option>
              <option
                value={25}
              >
                25 rows
              </option>
              <option
                value={50}
              >
                50 rows
              </option>
              <option
                value={100}
              >
                100 rows
              </option>
            </select>
          </span>
        </div>
        <div
          className="-next"
        >
          <button
            className="-btn"
            disabled={true}
            onClick={[Function]}
            type="button"
          >
            Next
          </button>
        </div>
      </div>
    </div>
    <div
      className="-loading"
    >
      <div
        className="-loading-inner"
      >
        Loading...
      </div>
    </div>
  </div>
</div>
`;
